// Jest Snapshot v1, https://goo.gl/fbAQLP

exports[`<Wrapper /> should match snapshot 1`] = `
.c0 {
  color: #fff;
  max-height: 70vh;
  overflow: auto;
}

.c0 input {
  border: 2px solid black;
}

.c0 .form-enter {
  margin-top: 30px;
  opacity: 0.01;
}

.c0 .form-enter-active {
  margin-top: 0px;
  opacity: 1;
  -webkit-transition: opacity 0.5s ease,margin 0.5s ease;
  transition: opacity 0.5s ease,margin 0.5s ease;
}

.c0 .form-leave {
  margin-top: 0px;
  opacity: 1;
}

.c0 .form-leave-active {
  margin-top: -30px;
  opacity: 0.01;
  -webkit-transition: opacity 0.3s ease,margin 0.5s ease;
  transition: opacity 0.3s ease,margin 0.5s ease;
}

<section
  className="c0"
/>
`;
