// Jest Snapshot v1, https://goo.gl/fbAQLP

exports[` 1`] = `
Object {
  "@@redux-saga/IO": true,
  "CALL": Object {
    "args": Array [
      "http://kennel-staging.herokuapp.com/api/v1/reservations/current",
      Object {
        "headers": Object {
          "Authorization": "Bearer eyJhbGciOiJIUzI1NiJ9.eyJ1c2VyIjoxLCJleHAiOjE1NDcxMDM4MTF9.YDq4GlviuBIewD0MWcx8BDcEiSPtNJy8VS0HvQNIjk0",
        },
        "method": "GET",
      },
    ],
    "context": null,
    "fn": [Function],
  },
}
`;
