// Jest Snapshot v1, https://goo.gl/fbAQLP

exports[`<Wrapper /> should match snapshot 1`] = `
.c0 {
  display: -webkit-box;
  display: -webkit-flex;
  display: -ms-flexbox;
  display: flex;
  height: 100vh;
  max-width: 100vw;
  background: linear-gradient(#a5a5a5,#f2f2f2);
}

<section
  className="c0"
/>
`;
